Archive member included to satisfy reference by file (symbol)

c:/program files (x86)/atmel/studio/7.0/toolchain/avr8/avr8-gnu-toolchain/bin/../lib/gcc/avr/5.4.0/avr5\libgcc.a(_exit.o)
                              C:/Program Files (x86)/Atmel/Studio/7.0/Packs/atmel/ATmega_DFP/1.2.150/gcc/dev/atmega32a/avr5/crtatmega32a.o (exit)
c:/program files (x86)/atmel/studio/7.0/toolchain/avr8/avr8-gnu-toolchain/bin/../lib/gcc/avr/5.4.0/avr5\libgcc.a(_copy_data.o)
                              main.o (__do_copy_data)
c:/program files (x86)/atmel/studio/7.0/toolchain/avr8/avr8-gnu-toolchain/bin/../lib/gcc/avr/5.4.0/avr5\libgcc.a(_clear_bss.o)
                              main.o (__do_clear_bss)
c:/program files (x86)/atmel/studio/7.0/toolchain/avr8/avr8-gnu-toolchain/bin/../lib/gcc/avr/5.4.0/../../../../avr/lib/avr5\libc.a(memcpy.o)
                              Source/queue.o (memcpy)

Allocating common symbols
Common symbol       size              file

xMutex              0x2               main.o

Discarded input sections

 .data          0x00000000        0x0 C:/Program Files (x86)/Atmel/Studio/7.0/Packs/atmel/ATmega_DFP/1.2.150/gcc/dev/atmega32a/avr5/crtatmega32a.o
 .bss           0x00000000        0x0 C:/Program Files (x86)/Atmel/Studio/7.0/Packs/atmel/ATmega_DFP/1.2.150/gcc/dev/atmega32a/avr5/crtatmega32a.o
 .text          0x00000000        0x0 Drivers/port_b_led.o
 .data          0x00000000        0x0 Drivers/port_b_led.o
 .bss           0x00000000        0x0 Drivers/port_b_led.o
 .text          0x00000000        0x0 main.o
 .data          0x00000000        0x0 main.o
 .bss           0x00000000        0x0 main.o
 .text          0x00000000        0x0 mytasks.o
 .data          0x00000000        0x0 mytasks.o
 .bss           0x00000000        0x0 mytasks.o
 .text          0x00000000        0x0 mytasks_1.o
 .data          0x00000000        0x0 mytasks_1.o
 .bss           0x00000000        0x0 mytasks_1.o
 .text          0x00000000        0x0 Source/croutine.o
 .data          0x00000000        0x0 Source/croutine.o
 .bss           0x00000000        0x0 Source/croutine.o
 .debug_info    0x00000000       0x64 Source/croutine.o
 .debug_abbrev  0x00000000       0x26 Source/croutine.o
 .debug_aranges
                0x00000000       0x18 Source/croutine.o
 .debug_line    0x00000000       0x1a Source/croutine.o
 .debug_str     0x00000000      0x1a7 Source/croutine.o
 .comment       0x00000000       0x31 Source/croutine.o
 .text          0x00000000        0x0 Source/event_groups.o
 .data          0x00000000        0x0 Source/event_groups.o
 .bss           0x00000000        0x0 Source/event_groups.o
 .text.xEventGroupCreate
                0x00000000       0x26 Source/event_groups.o
 .text.xEventGroupWaitBits
                0x00000000       0xe4 Source/event_groups.o
 .text.xEventGroupClearBits
                0x00000000       0x1e Source/event_groups.o
 .text.xEventGroupGetBitsFromISR
                0x00000000        0x8 Source/event_groups.o
 .text.xEventGroupSetBits
                0x00000000       0xb8 Source/event_groups.o
 .text.xEventGroupSync
                0x00000000       0xda Source/event_groups.o
 .text.vEventGroupDelete
                0x00000000       0x30 Source/event_groups.o
 .text.vEventGroupSetBitsCallback
                0x00000000        0x6 Source/event_groups.o
 .text.vEventGroupClearBitsCallback
                0x00000000       0x1e Source/event_groups.o
 .debug_info    0x00000000      0x93c Source/event_groups.o
 .debug_abbrev  0x00000000      0x267 Source/event_groups.o
 .debug_loc     0x00000000      0xdcc Source/event_groups.o
 .debug_aranges
                0x00000000       0x60 Source/event_groups.o
 .debug_ranges  0x00000000       0xa8 Source/event_groups.o
 .debug_line    0x00000000      0x410 Source/event_groups.o
 .debug_str     0x00000000      0x5c1 Source/event_groups.o
 .comment       0x00000000       0x31 Source/event_groups.o
 .debug_frame   0x00000000      0x14c Source/event_groups.o
 .text          0x00000000        0x0 Source/list.o
 .data          0x00000000        0x0 Source/list.o
 .bss           0x00000000        0x0 Source/list.o
 .text          0x00000000        0x0 Source/portable/GCC/ATMega323/port.o
 .data          0x00000000        0x0 Source/portable/GCC/ATMega323/port.o
 .bss           0x00000000        0x0 Source/portable/GCC/ATMega323/port.o
 .text.vPortEndScheduler
                0x00000000        0x2 Source/portable/GCC/ATMega323/port.o
 .text          0x00000000        0x0 Source/portable/MemMang/heap_4.o
 .data          0x00000000        0x0 Source/portable/MemMang/heap_4.o
 .bss           0x00000000        0x0 Source/portable/MemMang/heap_4.o
 .text.xPortGetFreeHeapSize
                0x00000000        0xa Source/portable/MemMang/heap_4.o
 .text.xPortGetMinimumEverFreeHeapSize
                0x00000000        0xa Source/portable/MemMang/heap_4.o
 .text.vPortInitialiseBlocks
                0x00000000        0x2 Source/portable/MemMang/heap_4.o
 .text          0x00000000        0x0 Source/queue.o
 .data          0x00000000        0x0 Source/queue.o
 .bss           0x00000000        0x0 Source/queue.o
 .text.xQueueGenericSendFromISR
                0x00000000       0x6a Source/queue.o
 .text.xQueueGiveFromISR
                0x00000000       0x4a Source/queue.o
 .text.xQueueReceiveFromISR
                0x00000000       0x6a Source/queue.o
 .text.xQueuePeekFromISR
                0x00000000       0x36 Source/queue.o
 .text.uxQueueMessagesWaiting
                0x00000000       0x10 Source/queue.o
 .text.uxQueueSpacesAvailable
                0x00000000       0x14 Source/queue.o
 .text.uxQueueMessagesWaitingFromISR
                0x00000000        0x6 Source/queue.o
 .text.vQueueDelete
                0x00000000        0x4 Source/queue.o
 .text.xQueueIsQueueEmptyFromISR
                0x00000000        0xc Source/queue.o
 .text.xQueueIsQueueFullFromISR
                0x00000000        0xe Source/queue.o
 .text          0x00000000        0x0 Source/tasks.o
 .data          0x00000000        0x0 Source/tasks.o
 .bss           0x00000000        0x0 Source/tasks.o
 .text.vTaskEndScheduler
                0x00000000        0xa Source/tasks.o
 .text.xTaskGetTickCountFromISR
                0x00000000        0xa Source/tasks.o
 .text.uxTaskGetNumberOfTasks
                0x00000000        0x6 Source/tasks.o
 .text.pcTaskGetName
                0x00000000       0x14 Source/tasks.o
 .text.vTaskPlaceOnUnorderedEventList
                0x00000000       0x2e Source/tasks.o
 .text.xTaskRemoveFromUnorderedEventList
                0x00000000       0x7c Source/tasks.o
 .text.xTaskGetCurrentTaskHandle
                0x00000000        0xa Source/tasks.o
 .text.uxTaskResetEventItemValue
                0x00000000       0x2e Source/tasks.o
 .text.ulTaskNotifyTake
                0x00000000       0xa6 Source/tasks.o
 .text.xTaskNotifyWait
                0x00000000      0x10a Source/tasks.o
 .text.xTaskGenericNotify
                0x00000000       0xee Source/tasks.o
 .text.xTaskGenericNotifyFromISR
                0x00000000      0x11e Source/tasks.o
 .text.vTaskNotifyGiveFromISR
                0x00000000       0xc2 Source/tasks.o
 .text.xTaskNotifyStateClear
                0x00000000       0x2e Source/tasks.o
 .text          0x00000000        0x0 Source/timers.o
 .data          0x00000000        0x0 Source/timers.o
 .bss           0x00000000        0x0 Source/timers.o
 .debug_info    0x00000000       0x64 Source/timers.o
 .debug_abbrev  0x00000000       0x26 Source/timers.o
 .debug_aranges
                0x00000000       0x18 Source/timers.o
 .debug_line    0x00000000       0x1a Source/timers.o
 .debug_str     0x00000000      0x1a5 Source/timers.o
 .comment       0x00000000       0x31 Source/timers.o
 .text          0x00000000        0x0 c:/program files (x86)/atmel/studio/7.0/toolchain/avr8/avr8-gnu-toolchain/bin/../lib/gcc/avr/5.4.0/avr5\libgcc.a(_exit.o)
 .data          0x00000000        0x0 c:/program files (x86)/atmel/studio/7.0/toolchain/avr8/avr8-gnu-toolchain/bin/../lib/gcc/avr/5.4.0/avr5\libgcc.a(_exit.o)
 .bss           0x00000000        0x0 c:/program files (x86)/atmel/studio/7.0/toolchain/avr8/avr8-gnu-toolchain/bin/../lib/gcc/avr/5.4.0/avr5\libgcc.a(_exit.o)
 .text.libgcc.mul
                0x00000000        0x0 c:/program files (x86)/atmel/studio/7.0/toolchain/avr8/avr8-gnu-toolchain/bin/../lib/gcc/avr/5.4.0/avr5\libgcc.a(_exit.o)
 .text.libgcc.div
                0x00000000        0x0 c:/program files (x86)/atmel/studio/7.0/toolchain/avr8/avr8-gnu-toolchain/bin/../lib/gcc/avr/5.4.0/avr5\libgcc.a(_exit.o)
 .text.libgcc   0x00000000        0x0 c:/program files (x86)/atmel/studio/7.0/toolchain/avr8/avr8-gnu-toolchain/bin/../lib/gcc/avr/5.4.0/avr5\libgcc.a(_exit.o)
 .text.libgcc.prologue
                0x00000000        0x0 c:/program files (x86)/atmel/studio/7.0/toolchain/avr8/avr8-gnu-toolchain/bin/../lib/gcc/avr/5.4.0/avr5\libgcc.a(_exit.o)
 .text.libgcc.builtins
                0x00000000        0x0 c:/program files (x86)/atmel/studio/7.0/toolchain/avr8/avr8-gnu-toolchain/bin/../lib/gcc/avr/5.4.0/avr5\libgcc.a(_exit.o)
 .text.libgcc.fmul
                0x00000000        0x0 c:/program files (x86)/atmel/studio/7.0/toolchain/avr8/avr8-gnu-toolchain/bin/../lib/gcc/avr/5.4.0/avr5\libgcc.a(_exit.o)
 .text.libgcc.fixed
                0x00000000        0x0 c:/program files (x86)/atmel/studio/7.0/toolchain/avr8/avr8-gnu-toolchain/bin/../lib/gcc/avr/5.4.0/avr5\libgcc.a(_exit.o)
 .text          0x00000000        0x0 c:/program files (x86)/atmel/studio/7.0/toolchain/avr8/avr8-gnu-toolchain/bin/../lib/gcc/avr/5.4.0/avr5\libgcc.a(_copy_data.o)
 .data          0x00000000        0x0 c:/program files (x86)/atmel/studio/7.0/toolchain/avr8/avr8-gnu-toolchain/bin/../lib/gcc/avr/5.4.0/avr5\libgcc.a(_copy_data.o)
 .bss           0x00000000        0x0 c:/program files (x86)/atmel/studio/7.0/toolchain/avr8/avr8-gnu-toolchain/bin/../lib/gcc/avr/5.4.0/avr5\libgcc.a(_copy_data.o)
 .text.libgcc.mul
                0x00000000        0x0 c:/program files (x86)/atmel/studio/7.0/toolchain/avr8/avr8-gnu-toolchain/bin/../lib/gcc/avr/5.4.0/avr5\libgcc.a(_copy_data.o)
 .text.libgcc.div
                0x00000000        0x0 c:/program files (x86)/atmel/studio/7.0/toolchain/avr8/avr8-gnu-toolchain/bin/../lib/gcc/avr/5.4.0/avr5\libgcc.a(_copy_data.o)
 .text.libgcc   0x00000000        0x0 c:/program files (x86)/atmel/studio/7.0/toolchain/avr8/avr8-gnu-toolchain/bin/../lib/gcc/avr/5.4.0/avr5\libgcc.a(_copy_data.o)
 .text.libgcc.prologue
                0x00000000        0x0 c:/program files (x86)/atmel/studio/7.0/toolchain/avr8/avr8-gnu-toolchain/bin/../lib/gcc/avr/5.4.0/avr5\libgcc.a(_copy_data.o)
 .text.libgcc.builtins
                0x00000000        0x0 c:/program files (x86)/atmel/studio/7.0/toolchain/avr8/avr8-gnu-toolchain/bin/../lib/gcc/avr/5.4.0/avr5\libgcc.a(_copy_data.o)
 .text.libgcc.fmul
                0x00000000        0x0 c:/program files (x86)/atmel/studio/7.0/toolchain/avr8/avr8-gnu-toolchain/bin/../lib/gcc/avr/5.4.0/avr5\libgcc.a(_copy_data.o)
 .text.libgcc.fixed
                0x00000000        0x0 c:/program files (x86)/atmel/studio/7.0/toolchain/avr8/avr8-gnu-toolchain/bin/../lib/gcc/avr/5.4.0/avr5\libgcc.a(_copy_data.o)
 .text          0x00000000        0x0 c:/program files (x86)/atmel/studio/7.0/toolchain/avr8/avr8-gnu-toolchain/bin/../lib/gcc/avr/5.4.0/avr5\libgcc.a(_clear_bss.o)
 .data          0x00000000        0x0 c:/program files (x86)/atmel/studio/7.0/toolchain/avr8/avr8-gnu-toolchain/bin/../lib/gcc/avr/5.4.0/avr5\libgcc.a(_clear_bss.o)
 .bss           0x00000000        0x0 c:/program files (x86)/atmel/studio/7.0/toolchain/avr8/avr8-gnu-toolchain/bin/../lib/gcc/avr/5.4.0/avr5\libgcc.a(_clear_bss.o)
 .text.libgcc.mul
                0x00000000        0x0 c:/program files (x86)/atmel/studio/7.0/toolchain/avr8/avr8-gnu-toolchain/bin/../lib/gcc/avr/5.4.0/avr5\libgcc.a(_clear_bss.o)
 .text.libgcc.div
                0x00000000        0x0 c:/program files (x86)/atmel/studio/7.0/toolchain/avr8/avr8-gnu-toolchain/bin/../lib/gcc/avr/5.4.0/avr5\libgcc.a(_clear_bss.o)
 .text.libgcc   0x00000000        0x0 c:/program files (x86)/atmel/studio/7.0/toolchain/avr8/avr8-gnu-toolchain/bin/../lib/gcc/avr/5.4.0/avr5\libgcc.a(_clear_bss.o)
 .text.libgcc.prologue
                0x00000000        0x0 c:/program files (x86)/atmel/studio/7.0/toolchain/avr8/avr8-gnu-toolchain/bin/../lib/gcc/avr/5.4.0/avr5\libgcc.a(_clear_bss.o)
 .text.libgcc.builtins
                0x00000000        0x0 c:/program files (x86)/atmel/studio/7.0/toolchain/avr8/avr8-gnu-toolchain/bin/../lib/gcc/avr/5.4.0/avr5\libgcc.a(_clear_bss.o)
 .text.libgcc.fmul
                0x00000000        0x0 c:/program files (x86)/atmel/studio/7.0/toolchain/avr8/avr8-gnu-toolchain/bin/../lib/gcc/avr/5.4.0/avr5\libgcc.a(_clear_bss.o)
 .text.libgcc.fixed
                0x00000000        0x0 c:/program files (x86)/atmel/studio/7.0/toolchain/avr8/avr8-gnu-toolchain/bin/../lib/gcc/avr/5.4.0/avr5\libgcc.a(_clear_bss.o)
 .text          0x00000000        0x0 c:/program files (x86)/atmel/studio/7.0/toolchain/avr8/avr8-gnu-toolchain/bin/../lib/gcc/avr/5.4.0/../../../../avr/lib/avr5\libc.a(memcpy.o)
 .data          0x00000000        0x0 c:/program files (x86)/atmel/studio/7.0/toolchain/avr8/avr8-gnu-toolchain/bin/../lib/gcc/avr/5.4.0/../../../../avr/lib/avr5\libc.a(memcpy.o)
 .bss           0x00000000        0x0 c:/program files (x86)/atmel/studio/7.0/toolchain/avr8/avr8-gnu-toolchain/bin/../lib/gcc/avr/5.4.0/../../../../avr/lib/avr5\libc.a(memcpy.o)

Memory Configuration

Name             Origin             Length             Attributes
text             0x00000000         0x00020000         xr
data             0x00800060         0x0000ffa0         rw !x
eeprom           0x00810000         0x00010000         rw !x
fuse             0x00820000         0x00000002         rw !x
lock             0x00830000         0x00000400         rw !x
signature        0x00840000         0x00000400         rw !x
user_signatures  0x00850000         0x00000400         rw !x
*default*        0x00000000         0xffffffff

Linker script and memory map

LOAD C:/Program Files (x86)/Atmel/Studio/7.0/Packs/atmel/ATmega_DFP/1.2.150/gcc/dev/atmega32a/avr5/crtatmega32a.o
LOAD Drivers/port_b_led.o
LOAD main.o
LOAD mytasks.o
LOAD mytasks_1.o
LOAD Source/croutine.o
LOAD Source/event_groups.o
LOAD Source/list.o
LOAD Source/portable/GCC/ATMega323/port.o
LOAD Source/portable/MemMang/heap_4.o
LOAD Source/queue.o
LOAD Source/tasks.o
LOAD Source/timers.o
START GROUP
LOAD c:/program files (x86)/atmel/studio/7.0/toolchain/avr8/avr8-gnu-toolchain/bin/../lib/gcc/avr/5.4.0/../../../../avr/lib/avr5\libm.a
END GROUP
START GROUP
LOAD c:/program files (x86)/atmel/studio/7.0/toolchain/avr8/avr8-gnu-toolchain/bin/../lib/gcc/avr/5.4.0/avr5\libgcc.a
LOAD c:/program files (x86)/atmel/studio/7.0/toolchain/avr8/avr8-gnu-toolchain/bin/../lib/gcc/avr/5.4.0/../../../../avr/lib/avr5\libm.a
LOAD c:/program files (x86)/atmel/studio/7.0/toolchain/avr8/avr8-gnu-toolchain/bin/../lib/gcc/avr/5.4.0/../../../../avr/lib/avr5\libc.a
LOAD C:/Program Files (x86)/Atmel/Studio/7.0/Packs/atmel/ATmega_DFP/1.2.150/gcc/dev/atmega32a/avr5\libatmega32a.a
END GROUP
                0x00020000                __TEXT_REGION_LENGTH__ = DEFINED (__TEXT_REGION_LENGTH__)?__TEXT_REGION_LENGTH__:0x20000
                0x0000ffa0                __DATA_REGION_LENGTH__ = DEFINED (__DATA_REGION_LENGTH__)?__DATA_REGION_LENGTH__:0xffa0
                0x00010000                __EEPROM_REGION_LENGTH__ = DEFINED (__EEPROM_REGION_LENGTH__)?__EEPROM_REGION_LENGTH__:0x10000
                [0x00000002]                __FUSE_REGION_LENGTH__ = DEFINED (__FUSE_REGION_LENGTH__)?__FUSE_REGION_LENGTH__:0x400
                0x00000400                __LOCK_REGION_LENGTH__ = DEFINED (__LOCK_REGION_LENGTH__)?__LOCK_REGION_LENGTH__:0x400
                0x00000400                __SIGNATURE_REGION_LENGTH__ = DEFINED (__SIGNATURE_REGION_LENGTH__)?__SIGNATURE_REGION_LENGTH__:0x400
                0x00000400                __USER_SIGNATURE_REGION_LENGTH__ = DEFINED (__USER_SIGNATURE_REGION_LENGTH__)?__USER_SIGNATURE_REGION_LENGTH__:0x400

.hash
 *(.hash)

.dynsym
 *(.dynsym)

.dynstr
 *(.dynstr)

.gnu.version
 *(.gnu.version)

.gnu.version_d
 *(.gnu.version_d)

.gnu.version_r
 *(.gnu.version_r)

.rel.init
 *(.rel.init)

.rela.init
 *(.rela.init)

.rel.text
 *(.rel.text)
 *(.rel.text.*)
 *(.rel.gnu.linkonce.t*)

.rela.text
 *(.rela.text)
 *(.rela.text.*)
 *(.rela.gnu.linkonce.t*)

.rel.fini
 *(.rel.fini)

.rela.fini
 *(.rela.fini)

.rel.rodata
 *(.rel.rodata)
 *(.rel.rodata.*)
 *(.rel.gnu.linkonce.r*)

.rela.rodata
 *(.rela.rodata)
 *(.rela.rodata.*)
 *(.rela.gnu.linkonce.r*)

.rel.data
 *(.rel.data)
 *(.rel.data.*)
 *(.rel.gnu.linkonce.d*)

.rela.data
 *(.rela.data)
 *(.rela.data.*)
 *(.rela.gnu.linkonce.d*)

.rel.ctors
 *(.rel.ctors)

.rela.ctors
 *(.rela.ctors)

.rel.dtors
 *(.rel.dtors)

.rela.dtors
 *(.rela.dtors)

.rel.got
 *(.rel.got)

.rela.got
 *(.rela.got)

.rel.bss
 *(.rel.bss)

.rela.bss
 *(.rela.bss)

.rel.plt
 *(.rel.plt)

.rela.plt
 *(.rela.plt)

.text           0x00000000     0x17e8
 *(.vectors)
 .vectors       0x00000000       0x54 C:/Program Files (x86)/Atmel/Studio/7.0/Packs/atmel/ATmega_DFP/1.2.150/gcc/dev/atmega32a/avr5/crtatmega32a.o
                0x00000000                __vector_default
                0x00000000                __vectors
 *(.vectors)
 *(.progmem.gcc*)
                0x00000054                . = ALIGN (0x2)
                0x00000054                __trampolines_start = .
 *(.trampolines)
 .trampolines   0x00000054        0x0 linker stubs
 *(.trampolines*)
                0x00000054                __trampolines_end = .
 *libprintf_flt.a:*(.progmem.data)
 *libc.a:*(.progmem.data)
 *(.progmem*)
                0x00000054                . = ALIGN (0x2)
 *(.jumptables)
 *(.jumptables*)
 *(.lowtext)
 *(.lowtext*)
                0x00000054                __ctors_start = .
 *(.ctors)
                0x00000054                __ctors_end = .
                0x00000054                __dtors_start = .
 *(.dtors)
                0x00000054                __dtors_end = .
 SORT(*)(.ctors)
 SORT(*)(.dtors)
 *(.init0)
 .init0         0x00000054        0x0 C:/Program Files (x86)/Atmel/Studio/7.0/Packs/atmel/ATmega_DFP/1.2.150/gcc/dev/atmega32a/avr5/crtatmega32a.o
                0x00000054                __init
 *(.init0)
 *(.init1)
 *(.init1)
 *(.init2)
 .init2         0x00000054        0xc C:/Program Files (x86)/Atmel/Studio/7.0/Packs/atmel/ATmega_DFP/1.2.150/gcc/dev/atmega32a/avr5/crtatmega32a.o
 *(.init2)
 *(.init3)
 *(.init3)
 *(.init4)
 .init4         0x00000060       0x16 c:/program files (x86)/atmel/studio/7.0/toolchain/avr8/avr8-gnu-toolchain/bin/../lib/gcc/avr/5.4.0/avr5\libgcc.a(_copy_data.o)
                0x00000060                __do_copy_data
 .init4         0x00000076       0x10 c:/program files (x86)/atmel/studio/7.0/toolchain/avr8/avr8-gnu-toolchain/bin/../lib/gcc/avr/5.4.0/avr5\libgcc.a(_clear_bss.o)
                0x00000076                __do_clear_bss
 *(.init4)
 *(.init5)
 *(.init5)
 *(.init6)
 *(.init6)
 *(.init7)
 *(.init7)
 *(.init8)
 *(.init8)
 *(.init9)
 .init9         0x00000086        0x8 C:/Program Files (x86)/Atmel/Studio/7.0/Packs/atmel/ATmega_DFP/1.2.150/gcc/dev/atmega32a/avr5/crtatmega32a.o
 *(.init9)
 *(.text)
 .text          0x0000008e        0x4 C:/Program Files (x86)/Atmel/Studio/7.0/Packs/atmel/ATmega_DFP/1.2.150/gcc/dev/atmega32a/avr5/crtatmega32a.o
                0x0000008e                __vector_1
                0x0000008e                __vector_12
                0x0000008e                __bad_interrupt
                0x0000008e                __vector_6
                0x0000008e                __vector_3
                0x0000008e                __vector_11
                0x0000008e                __vector_13
                0x0000008e                __vector_17
                0x0000008e                __vector_19
                0x0000008e                __vector_5
                0x0000008e                __vector_4
                0x0000008e                __vector_9
                0x0000008e                __vector_2
                0x0000008e                __vector_15
                0x0000008e                __vector_8
                0x0000008e                __vector_14
                0x0000008e                __vector_10
                0x0000008e                __vector_16
                0x0000008e                __vector_18
                0x0000008e                __vector_20
                0x00000092                . = ALIGN (0x2)
 *(.text.*)
 .text.vLEDInit
                0x00000092       0x14 Drivers/port_b_led.o
                0x00000092                vLEDInit
 .text.vLEDToggle
                0x000000a6       0x14 Drivers/port_b_led.o
                0x000000a6                vLEDToggle
 .text.vLEDOn   0x000000ba       0x14 Drivers/port_b_led.o
                0x000000ba                vLEDOn
 .text.vLEDOff  0x000000ce       0x16 Drivers/port_b_led.o
                0x000000ce                vLEDOff
 .text.startup.main
                0x000000e4       0x42 main.o
                0x000000e4                main
 .text.vLEDFlashTask
                0x00000126       0xa6 mytasks.o
                0x00000126                vLEDFlashTask
 .text.vLEDFlashTask_1
                0x000001cc       0xa6 mytasks_1.o
                0x000001cc                vLEDFlashTask_1
 .text.vListInitialise
                0x00000272       0x1c Source/list.o
                0x00000272                vListInitialise
 .text.vListInitialiseItem
                0x0000028e        0x8 Source/list.o
                0x0000028e                vListInitialiseItem
 .text.vListInsertEnd
                0x00000296       0x42 Source/list.o
                0x00000296                vListInsertEnd
 .text.vListInsert
                0x000002d8       0x62 Source/list.o
                0x000002d8                vListInsert
 .text.uxListRemove
                0x0000033a       0x58 Source/list.o
                0x0000033a                uxListRemove
 .text.pxPortInitialiseStack
                0x00000392       0xd8 Source/portable/GCC/ATMega323/port.o
                0x00000392                pxPortInitialiseStack
 .text.xPortStartScheduler
                0x0000046a       0x6a Source/portable/GCC/ATMega323/port.o
                0x0000046a                xPortStartScheduler
 .text.vPortYield
                0x000004d4       0xb2 Source/portable/GCC/ATMega323/port.o
                0x000004d4                vPortYield
 .text.vPortYieldFromTick
                0x00000586       0xb8 Source/portable/GCC/ATMega323/port.o
                0x00000586                vPortYieldFromTick
 .text.__vector_7
                0x0000063e        0x6 Source/portable/GCC/ATMega323/port.o
                0x0000063e                __vector_7
 .text.prvInsertBlockIntoFreeList
                0x00000644       0x94 Source/portable/MemMang/heap_4.o
 .text.pvPortMalloc
                0x000006d8      0x178 Source/portable/MemMang/heap_4.o
                0x000006d8                pvPortMalloc
 .text.vPortFree
                0x00000850       0x66 Source/portable/MemMang/heap_4.o
                0x00000850                vPortFree
 .text.prvCopyDataToQueue
                0x000008b6       0xb4 Source/queue.o
 .text.prvCopyDataFromQueue
                0x0000096a       0x30 Source/queue.o
 .text.prvUnlockQueue
                0x0000099a       0xa6 Source/queue.o
 .text.xQueueGenericReset
                0x00000a40       0x80 Source/queue.o
                0x00000a40                xQueueGenericReset
 .text.xQueueGenericCreate
                0x00000ac0       0x6a Source/queue.o
                0x00000ac0                xQueueGenericCreate
 .text.xQueueGenericSend
                0x00000b2a      0x14c Source/queue.o
                0x00000b2a                xQueueGenericSend
 .text.xQueueCreateMutex
                0x00000c76       0x34 Source/queue.o
                0x00000c76                xQueueCreateMutex
 .text.xQueueGenericReceive
                0x00000caa      0x1ae Source/queue.o
                0x00000caa                xQueueGenericReceive
 .text.prvIdleTask
                0x00000e58        0xe Source/tasks.o
 .text.prvAddCurrentTaskToDelayedList.isra.2
                0x00000e66       0x86 Source/tasks.o
 .text.xTaskCreate
                0x00000eec      0x202 Source/tasks.o
                0x00000eec                xTaskCreate
 .text.vTaskStartScheduler
                0x000010ee       0x54 Source/tasks.o
                0x000010ee                vTaskStartScheduler
 .text.vTaskSuspendAll
                0x00001142        0xc Source/tasks.o
                0x00001142                vTaskSuspendAll
 .text.xTaskGetTickCount
                0x0000114e       0x14 Source/tasks.o
                0x0000114e                xTaskGetTickCount
 .text.xTaskIncrementTick
                0x00001162      0x1b4 Source/tasks.o
                0x00001162                xTaskIncrementTick
 .text.xTaskResumeAll
                0x00001316      0x122 Source/tasks.o
                0x00001316                xTaskResumeAll
 .text.vTaskDelayUntil
                0x00001438       0x60 Source/tasks.o
                0x00001438                vTaskDelayUntil
 .text.vTaskSwitchContext
                0x00001498       0x8a Source/tasks.o
                0x00001498                vTaskSwitchContext
 .text.vTaskPlaceOnEventList
                0x00001522       0x20 Source/tasks.o
                0x00001522                vTaskPlaceOnEventList
 .text.xTaskRemoveFromEventList
                0x00001542       0x9a Source/tasks.o
                0x00001542                xTaskRemoveFromEventList
 .text.vTaskSetTimeOutState
                0x000015dc       0x16 Source/tasks.o
                0x000015dc                vTaskSetTimeOutState
 .text.xTaskCheckForTimeOut
                0x000015f2       0x6c Source/tasks.o
                0x000015f2                xTaskCheckForTimeOut
 .text.vTaskMissedYield
                0x0000165e        0x8 Source/tasks.o
                0x0000165e                vTaskMissedYield
 .text.vTaskPriorityInherit
                0x00001666       0xc6 Source/tasks.o
                0x00001666                vTaskPriorityInherit
 .text.xTaskPriorityDisinherit
                0x0000172c       0x82 Source/tasks.o
                0x0000172c                xTaskPriorityDisinherit
 .text.pvTaskIncrementMutexHeldCount
                0x000017ae       0x24 Source/tasks.o
                0x000017ae                pvTaskIncrementMutexHeldCount
 .text.avr-libc
                0x000017d2       0x12 c:/program files (x86)/atmel/studio/7.0/toolchain/avr8/avr8-gnu-toolchain/bin/../lib/gcc/avr/5.4.0/../../../../avr/lib/avr5\libc.a(memcpy.o)
                0x000017d2                memcpy
                0x000017e4                . = ALIGN (0x2)
 *(.fini9)
 .fini9         0x000017e4        0x0 c:/program files (x86)/atmel/studio/7.0/toolchain/avr8/avr8-gnu-toolchain/bin/../lib/gcc/avr/5.4.0/avr5\libgcc.a(_exit.o)
                0x000017e4                _exit
                0x000017e4                exit
 *(.fini9)
 *(.fini8)
 *(.fini8)
 *(.fini7)
 *(.fini7)
 *(.fini6)
 *(.fini6)
 *(.fini5)
 *(.fini5)
 *(.fini4)
 *(.fini4)
 *(.fini3)
 *(.fini3)
 *(.fini2)
 *(.fini2)
 *(.fini1)
 *(.fini1)
 *(.fini0)
 .fini0         0x000017e4        0x4 c:/program files (x86)/atmel/studio/7.0/toolchain/avr8/avr8-gnu-toolchain/bin/../lib/gcc/avr/5.4.0/avr5\libgcc.a(_exit.o)
 *(.fini0)
                0x000017e8                _etext = .

.data           0x00800060       0x16 load address 0x000017e8
                0x00800060                PROVIDE (__data_start, .)
 *(.data)
 *(.data*)
 .data.uint16_delay_time_ms
                0x00800060        0x2 main.o
                0x00800060                uint16_delay_time_ms
 .data.bInitialTaskRun.2025
                0x00800062        0x1 mytasks.o
 .data.bInitialTaskRun.2025
                0x00800063        0x1 mytasks_1.o
 *(.gnu.linkonce.d*)
 *(.rodata)
 *(.rodata*)
 .rodata.str1.1
                0x00800064        0xc main.o
 .rodata.str1.1
                0x00800070        0x5 Source/tasks.o
 *(.gnu.linkonce.r*)
                0x00800076                . = ALIGN (0x2)
 *fill*         0x00800075        0x1 
                0x00800076                _edata = .
                0x00800076                PROVIDE (__data_end, .)

.bss            0x00800076      0x63d
                0x00800076                PROVIDE (__bss_start, .)
 *(.bss)
 *(.bss*)
 .bss.xBlockAllocatedBit
                0x00800076        0x2 Source/portable/MemMang/heap_4.o
 .bss.xMinimumEverFreeBytesRemaining
                0x00800078        0x2 Source/portable/MemMang/heap_4.o
 .bss.xFreeBytesRemaining
                0x0080007a        0x2 Source/portable/MemMang/heap_4.o
 .bss.pxEnd     0x0080007c        0x2 Source/portable/MemMang/heap_4.o
 .bss.xStart    0x0080007e        0x4 Source/portable/MemMang/heap_4.o
 .bss.ucHeap    0x00800082      0x5dc Source/portable/MemMang/heap_4.o
 .bss.uxSchedulerSuspended
                0x0080065e        0x1 Source/tasks.o
 .bss.xIdleTaskHandle
                0x0080065f        0x2 Source/tasks.o
 .bss.xNextTaskUnblockTime
                0x00800661        0x2 Source/tasks.o
 .bss.uxTaskNumber
                0x00800663        0x1 Source/tasks.o
 .bss.xNumOfOverflows
                0x00800664        0x1 Source/tasks.o
 .bss.xYieldPending
                0x00800665        0x1 Source/tasks.o
 .bss.uxPendedTicks
                0x00800666        0x1 Source/tasks.o
 .bss.xSchedulerRunning
                0x00800667        0x1 Source/tasks.o
 .bss.uxTopReadyPriority
                0x00800668        0x1 Source/tasks.o
 .bss.xTickCount
                0x00800669        0x2 Source/tasks.o
 .bss.uxCurrentNumberOfTasks
                0x0080066b        0x1 Source/tasks.o
 .bss.xPendingReadyList
                0x0080066c        0x9 Source/tasks.o
 .bss.pxOverflowDelayedTaskList
                0x00800675        0x2 Source/tasks.o
 .bss.pxDelayedTaskList
                0x00800677        0x2 Source/tasks.o
 .bss.xDelayedTaskList2
                0x00800679        0x9 Source/tasks.o
 .bss.xDelayedTaskList1
                0x00800682        0x9 Source/tasks.o
 .bss.pxReadyTasksLists
                0x0080068b       0x24 Source/tasks.o
 .bss.pxCurrentTCB
                0x008006af        0x2 Source/tasks.o
                0x008006af                pxCurrentTCB
 *(COMMON)
 COMMON         0x008006b1        0x2 main.o
                0x008006b1                xMutex
                0x008006b3                PROVIDE (__bss_end, .)
                0x000017e8                __data_load_start = LOADADDR (.data)
                0x000017fe                __data_load_end = (__data_load_start + SIZEOF (.data))

.noinit         0x008006b3        0x0
                [!provide]                PROVIDE (__noinit_start, .)
 *(.noinit*)
                [!provide]                PROVIDE (__noinit_end, .)
                0x008006b3                _end = .
                [!provide]                PROVIDE (__heap_start, .)

.eeprom         0x00810000        0x0
 *(.eeprom*)
                0x00810000                __eeprom_end = .

.fuse
 *(.fuse)
 *(.lfuse)
 *(.hfuse)
 *(.efuse)

.lock
 *(.lock*)

.signature
 *(.signature*)

.user_signatures
 *(.user_signatures*)

.stab
 *(.stab)

.stabstr
 *(.stabstr)

.stab.excl
 *(.stab.excl)

.stab.exclstr
 *(.stab.exclstr)

.stab.index
 *(.stab.index)

.stab.indexstr
 *(.stab.indexstr)

.comment        0x00000000       0x30
 *(.comment)
 .comment       0x00000000       0x30 Drivers/port_b_led.o
                                 0x31 (size before relaxing)
 .comment       0x00000030       0x31 main.o
 .comment       0x00000030       0x31 mytasks.o
 .comment       0x00000030       0x31 mytasks_1.o
 .comment       0x00000030       0x31 Source/list.o
 .comment       0x00000030       0x31 Source/portable/GCC/ATMega323/port.o
 .comment       0x00000030       0x31 Source/portable/MemMang/heap_4.o
 .comment       0x00000030       0x31 Source/queue.o
 .comment       0x00000030       0x31 Source/tasks.o

.note.gnu.avr.deviceinfo
                0x00000000       0x3c
 .note.gnu.avr.deviceinfo
                0x00000000       0x3c C:/Program Files (x86)/Atmel/Studio/7.0/Packs/atmel/ATmega_DFP/1.2.150/gcc/dev/atmega32a/avr5/crtatmega32a.o

.note.gnu.build-id
 *(.note.gnu.build-id)

.debug
 *(.debug)

.line
 *(.line)

.debug_srcinfo
 *(.debug_srcinfo)

.debug_sfnames
 *(.debug_sfnames)

.debug_aranges  0x00000000      0x328
 *(.debug_aranges)
 .debug_aranges
                0x00000000       0x38 Drivers/port_b_led.o
 .debug_aranges
                0x00000038       0x20 main.o
 .debug_aranges
                0x00000058       0x20 mytasks.o
 .debug_aranges
                0x00000078       0x20 mytasks_1.o
 .debug_aranges
                0x00000098       0x40 Source/list.o
 .debug_aranges
                0x000000d8       0x48 Source/portable/GCC/ATMega323/port.o
 .debug_aranges
                0x00000120       0x48 Source/portable/MemMang/heap_4.o
 .debug_aranges
                0x00000168       0xa8 Source/queue.o
 .debug_aranges
                0x00000210      0x118 Source/tasks.o

.debug_pubnames
 *(.debug_pubnames)

.debug_info     0x00000000     0x3eaf
 *(.debug_info .gnu.linkonce.wi.*)
 .debug_info    0x00000000      0x4e6 C:/Program Files (x86)/Atmel/Studio/7.0/Packs/atmel/ATmega_DFP/1.2.150/gcc/dev/atmega32a/avr5/crtatmega32a.o
 .debug_info    0x000004e6      0x109 Drivers/port_b_led.o
 .debug_info    0x000005ef      0x1b9 main.o
 .debug_info    0x000007a8      0x266 mytasks.o
 .debug_info    0x00000a0e      0x266 mytasks_1.o
 .debug_info    0x00000c74      0x2cd Source/list.o
 .debug_info    0x00000f41      0x263 Source/portable/GCC/ATMega323/port.o
 .debug_info    0x000011a4      0x39d Source/portable/MemMang/heap_4.o
 .debug_info    0x00001541     0x1189 Source/queue.o
 .debug_info    0x000026ca     0x17e5 Source/tasks.o

.debug_abbrev   0x00000000     0x121b
 *(.debug_abbrev)
 .debug_abbrev  0x00000000      0x4a3 C:/Program Files (x86)/Atmel/Studio/7.0/Packs/atmel/ATmega_DFP/1.2.150/gcc/dev/atmega32a/avr5/crtatmega32a.o
 .debug_abbrev  0x000004a3       0x7a Drivers/port_b_led.o
 .debug_abbrev  0x0000051d       0xa6 main.o
 .debug_abbrev  0x000005c3       0xdf mytasks.o
 .debug_abbrev  0x000006a2       0xdf mytasks_1.o
 .debug_abbrev  0x00000781       0xf8 Source/list.o
 .debug_abbrev  0x00000879      0x155 Source/portable/GCC/ATMega323/port.o
 .debug_abbrev  0x000009ce      0x21a Source/portable/MemMang/heap_4.o
 .debug_abbrev  0x00000be8      0x28e Source/queue.o
 .debug_abbrev  0x00000e76      0x3a5 Source/tasks.o

.debug_line     0x00000000     0x2487
 *(.debug_line .debug_line.* .debug_line_end)
 .debug_line    0x00000000      0x115 C:/Program Files (x86)/Atmel/Studio/7.0/Packs/atmel/ATmega_DFP/1.2.150/gcc/dev/atmega32a/avr5/crtatmega32a.o
 .debug_line    0x00000115       0xef Drivers/port_b_led.o
 .debug_line    0x00000204      0x121 main.o
 .debug_line    0x00000325      0x17b mytasks.o
 .debug_line    0x000004a0      0x17d mytasks_1.o
 .debug_line    0x0000061d      0x220 Source/list.o
 .debug_line    0x0000083d      0x2e2 Source/portable/GCC/ATMega323/port.o
 .debug_line    0x00000b1f      0x325 Source/portable/MemMang/heap_4.o
 .debug_line    0x00000e44      0x8d7 Source/queue.o
 .debug_line    0x0000171b      0xd6c Source/tasks.o

.debug_frame    0x00000000      0x8b4
 *(.debug_frame)
 .debug_frame   0x00000000       0x54 Drivers/port_b_led.o
 .debug_frame   0x00000054       0x24 main.o
 .debug_frame   0x00000078       0x34 mytasks.o
 .debug_frame   0x000000ac       0x34 mytasks_1.o
 .debug_frame   0x000000e0       0x88 Source/list.o
 .debug_frame   0x00000168       0x74 Source/portable/GCC/ATMega323/port.o
 .debug_frame   0x000001dc       0xb4 Source/portable/MemMang/heap_4.o
 .debug_frame   0x00000290      0x258 Source/queue.o
 .debug_frame   0x000004e8      0x3cc Source/tasks.o

.debug_str      0x00000000     0x13c1
 *(.debug_str)
 .debug_str     0x00000000      0x196 C:/Program Files (x86)/Atmel/Studio/7.0/Packs/atmel/ATmega_DFP/1.2.150/gcc/dev/atmega32a/avr5/crtatmega32a.o
 .debug_str     0x00000196      0x19e Drivers/port_b_led.o
                                0x1d2 (size before relaxing)
 .debug_str     0x00000334       0x9d main.o
                                0x22e (size before relaxing)
 .debug_str     0x000003d1       0xa2 mytasks.o
                                0x2a7 (size before relaxing)
 .debug_str     0x00000473       0x21 mytasks_1.o
                                0x2ab (size before relaxing)
 .debug_str     0x00000494      0x12e Source/list.o
                                0x2e6 (size before relaxing)
 .debug_str     0x000005c2      0x130 Source/portable/GCC/ATMega323/port.o
                                0x2f6 (size before relaxing)
 .debug_str     0x000006f2      0x1fd Source/portable/MemMang/heap_4.o
                                0x3a2 (size before relaxing)
 .debug_str     0x000008ef      0x450 Source/queue.o
                                0x77e (size before relaxing)
 .debug_str     0x00000d3f      0x682 Source/tasks.o
                                0xba2 (size before relaxing)

.debug_loc      0x00000000     0x3c73
 *(.debug_loc)
 .debug_loc     0x00000000       0x6e mytasks.o
 .debug_loc     0x0000006e       0x6e mytasks_1.o
 .debug_loc     0x000000dc      0x151 Source/list.o
 .debug_loc     0x0000022d      0x29f Source/portable/GCC/ATMega323/port.o
 .debug_loc     0x000004cc      0x3e7 Source/portable/MemMang/heap_4.o
 .debug_loc     0x000008b3     0x17ab Source/queue.o
 .debug_loc     0x0000205e     0x1c15 Source/tasks.o

.debug_macinfo
 *(.debug_macinfo)

.debug_weaknames
 *(.debug_weaknames)

.debug_funcnames
 *(.debug_funcnames)

.debug_typenames
 *(.debug_typenames)

.debug_varnames
 *(.debug_varnames)

.debug_pubtypes
 *(.debug_pubtypes)

.debug_ranges   0x00000000      0x450
 *(.debug_ranges)
 .debug_ranges  0x00000000       0x28 Drivers/port_b_led.o
 .debug_ranges  0x00000028       0x10 main.o
 .debug_ranges  0x00000038       0x10 mytasks.o
 .debug_ranges  0x00000048       0x10 mytasks_1.o
 .debug_ranges  0x00000058       0x30 Source/list.o
 .debug_ranges  0x00000088       0x38 Source/portable/GCC/ATMega323/port.o
 .debug_ranges  0x000000c0       0x38 Source/portable/MemMang/heap_4.o
 .debug_ranges  0x000000f8      0x140 Source/queue.o
 .debug_ranges  0x00000238      0x218 Source/tasks.o

.debug_macro
 *(.debug_macro)
OUTPUT(201803_atmega_freertos_mutex_test.elf elf32-avr)
LOAD linker stubs
